{
  "_flags": {
    "stable_ui": true
  },
  "foo": "bar"
}